abook
acpi
alacritty
alsa-utils
anytype-bin
arandr
aria2
ark
atool
base
base-devel
bat
bind
blueman
bluez
bluez-qt5
bluez-utils
bridge-utils
brightnessctl
btop
buf
calibre
chezmoi
chntpw
cliphist
clipmenu
cmake
code
cronie
cups
dasel
dmenu
dnsmasq
docker
docker-compose
dosfstools
downgrade
dunst
edk2-ovmf
efibootmgr
eslint_d
exfat-utils
eza
fcitx5
fcitx5-configtool
fcitx5-gtk
fcitx5-mozc
fcitx5-qt
fd
ffmpeg
ffmpegthumbnailer
ffmpegthumbs
firefox
fzf
gfold
gimp
git
glow
gnome-keyring
google-chrome
gping
grimblast-git
gsimplecal
gst-plugin-pipewire
gtk-theme-switch2
gtt-bin
hadolint-bin
htop
hypridle
hyprland
hyprpicker
hyprshade
imagemagick
intel-media-driver
intel-ucode
iptables-nft
isync
jc
jcryptool
jdk
jq
jtbl
kde-cli-tools
kitty
kservice5
kubectl
kvantum
lazydocker-bin
lazygit
libconfig
libnotify
libreoffice-fresh
libva-intel-driver
linux-firmware
linux-zen
lnav
logseq-desktop-bin
lxsession
maim
man-db
mediainfo
mesa
mesa-utils
meson
mise
mpc
mpd
mpv
msmtp
mutt-wizard
ncdu
ncmpcpp
neofetch
neomutt
network-manager-applet
networkmanager
networkmanager-openconnect
networkmanager-openvpn
newsboat
nginx
ninja
notmuch
noto-fonts
noto-fonts-cjk
noto-fonts-emoji
noto-fonts-extra
nsxiv
ntfs-3g
nwg-displays
nwg-look
obmenu-generator
openbooks-bin
openbsd-netcat
openssh
pacman-contrib
pamixer
pandoc-cli
parallel
paru
pass
pavucontrol
pdfarranger-git
peco
perl-file-mimeinfo
pipewire
pipewire-alsa
pipewire-audio
pipewire-jack
pipewire-pulse
plank
playerctl
pokemon-colorscripts-git
polkit-kde-agent
poppler
postgresql-libs
protonup-git
pulseaudio
pulseaudio-alsa
pulseaudio-bluetooth
python-magic
python-pip
python-pipx
python-pyamdgpuinfo
qbittorrent
qemu-base
qemu-emulators-full
qt5-graphicaleffects
qt5-imageformats
qt5-quickcontrols
qt5-quickcontrols2
qt5-styleplugins
qt5-wayland
qt5ct
qt6-wayland
qt6ct
qt6gtk2
qutebrowser
rclone
redis
ripgrep
rmlint
rnote
rofi
rofi-lbonn-wayland-git
rofi-pass-git
rsync
screenkey
sddm
seahorse
shellcheck
shfmt
simple-mtpfs
sioyek
slop
slurp
spicetify-cli
spotify
sshfs
stylua
swappy
swaylock-effects-git
swww
sxiv
system-config-printer
taskwarrior-tui
telegram-desktop
texlive-basic
texlive-bibtexextra
texlive-binextra
texlive-fontsextra
texlive-formatsextra
texlive-games
texlive-humanities
texlive-latexextra
texlive-mathscience
texlive-music
texlive-pictures
texlive-pstricks
texlive-publishers
thunar
thunderbird
tidy
timetrace-bin
tldr
tmux
tmuxp
tree-sitter
ttf-ms-fonts
tumbler
ueberzugpp
ufw
unarchiver
unclutter
unrar
unzip
urlview
usql
uthash
vde2
vieb-bin
vifm
vim
virt-manager
visual-studio-code-bin
vulkan-intel
watchexec
waybar
webkit2gtk-4.1 # for prompt
websocat
weechat
wireless_tools
wireplumber
wireshark-qt
wl-clipboard
wlogout
wtype
xclip
xdg-desktop-portal-hyprland
xdg-user-dirs
xdg-user-dirs-gtk
xdotool
xf86-video-vesa
xournalpp
xsettingsd
xterm
xwallpaper
yt-dlp-drop-in
zathura
zathura-pdf-mupdf
zellij
zip
zoom
zram-generator
zsh
